---
source: latex2mmlc/src/parse.rs
expression: "\\mathit{\\mathrm{a}b}"
---
[
  TextTransform(
    tf: Transform(Italic),
    content: Row(
      nodes: [
        TextTransform(
          tf: Normal,
          content: SingleLetterIdent('a', false),
        ),
        SingleLetterIdent('b', false),
      ],
      attr: None,
    ),
  ),
]
