---
source: latex2mmlc/src/parse.rs
expression: "\\sqrt[3]21"
---
[
  Root(Number("3"), Number("2")),
  Number("1"),
]
