---
source: latex2mmlc/src/lib.rs
expression: "\\mathbf{1234.}"
---
<math>
    <mrow>
        <mi>𝟏𝟐𝟑𝟒</mi>
        <mi>.</mi>
    </mrow>
</math>
