---
source: math-core/tests/wiki_test.rs
expression: "\\begin{vmatrix} x & y \\\\ z & v \\end{vmatrix}"
---
<math>
    <mrow>
        <mo>|</mo>
        <mtable>
            <mtr>
                <mtd>
                    <mi>x</mi>
                </mtd>
                <mtd>
                    <mi>y</mi>
                </mtd>
            </mtr>
            <mtr>
                <mtd>
                    <mi>z</mi>
                </mtd>
                <mtd>
                    <mi>v</mi>
                </mtd>
            </mtr>
        </mtable>
        <mo>|</mo>
    </mrow>
</math>
