---
source: math-core/tests/wiki_test.rs
expression: "\\left . \\frac{A}{B} \\right \\} \\to X"
---
<math>
    <mrow>
        <mo></mo>
        <mfrac>
            <mi>A</mi>
            <mi>B</mi>
        </mfrac>
        <mo>}</mo>
    </mrow>
    <mo>â†’</mo>
    <mi>X</mi>
</math>
