---
source: math-core/tests/wiki_test.rs
expression: "S=dD\\sin\\alpha"
---
<math>
    <mi>S</mi>
    <mo>=</mo>
    <mi>d</mi>
    <mi>D</mi>
    <mi>sin</mi>
    <mi>Î±</mi>
</math>
