---
source: math-core/src/lib.rs
expression: "P(x\\mid y)"
---
<math>
    <mi>P</mi>
    <mo stretchy="false">(</mo>
    <mi>x</mi>
    <mo>âˆ£</mo>
    <mi>y</mi>
    <mo stretchy="false">)</mo>
</math>
