---
source: math-core/src/lib.rs
expression: "\\text{ \\text{a}}"
---
<math>
    <mtext>Â a</mtext>
</math>
