---
source: math-core/src/parse.rs
expression: "\\sqrt[3] x_i"
---
[
  Subscript(
    target: Root(Number("3"), SingleLetterIdent('x', false)),
    symbol: SingleLetterIdent('i', false),
  ),
]
