---
source: math-core/src/lib.rs
expression: "\\operatorname{sn} x"
---
<math>
    <mi>sn</mi>
    <mi>x</mi>
</math>
