---
source: math-core/src/lib.rs
expression: "\\bm{x}"
---
<math>
    <mi>𝒙</mi>
</math>
