---
source: math-core/src/lib.rs
expression: "\\text{x   y}"
---
<math>
    <mtext>xÂ y</mtext>
</math>
