---
source: math-core/src/lib.rs
expression: "\\asdf"
---
Position: 0
UnknownCommand(
    "asdf",
)
