---
source: math-core/src/lib.rs
expression: x__3
---
Position: 2
CannotBeUsedHere {
    got: Underscore,
    correct_place: AfterOpOrIdent,
}
