---
source: math-core/src/parse.rs
expression: "f''"
---
[
  Superscript(
    target: SingleLetterIdent('f', false),
    symbol: Operator(Op('â€³'), None),
  ),
]
