---
source: math-core/src/lib.rs
expression: "f'^2"
---
<math>
    <msup>
        <mi>f</mi>
        <mrow>
            <mo>â€²</mo>
            <mn>2</mn>
        </mrow>
    </msup>
</math>
