---
source: math-core/src/lib.rs
expression: "}"
---
Position: 0
UnexpectedClose(
    GroupEnd,
)
